// Jest Snapshot v1, https://goo.gl/fbAQLP

exports[`AddTask component AddTask snapshot 1`] = `
Object {
  "asFragment": [Function],
  "baseElement": <body>
    <div>
      <form
        autocomplete="off"
        class="ant-form ant-form-horizontal css-dev-only-do-not-override-1hpnbz2"
        id="addToDo"
      >
        <div
          class="ant-form-item css-dev-only-do-not-override-1hpnbz2"
        >
          <div
            class="ant-row ant-form-item-row css-dev-only-do-not-override-1hpnbz2"
          >
            <div
              class="ant-col ant-form-item-control css-dev-only-do-not-override-1hpnbz2"
            >
              <div
                class="ant-form-item-control-input"
              >
                <div
                  class="ant-form-item-control-input-content"
                >
                  <input
                    class="ant-input css-dev-only-do-not-override-1hpnbz2 ant-input-outlined"
                    id="addToDo_text"
                    type="text"
                    value=""
                  />
                </div>
              </div>
            </div>
          </div>
        </div>
      </form>
    </div>
  </body>,
  "container": <div>
    <form
      autocomplete="off"
      class="ant-form ant-form-horizontal css-dev-only-do-not-override-1hpnbz2"
      id="addToDo"
    >
      <div
        class="ant-form-item css-dev-only-do-not-override-1hpnbz2"
      >
        <div
          class="ant-row ant-form-item-row css-dev-only-do-not-override-1hpnbz2"
        >
          <div
            class="ant-col ant-form-item-control css-dev-only-do-not-override-1hpnbz2"
          >
            <div
              class="ant-form-item-control-input"
            >
              <div
                class="ant-form-item-control-input-content"
              >
                <input
                  class="ant-input css-dev-only-do-not-override-1hpnbz2 ant-input-outlined"
                  id="addToDo_text"
                  type="text"
                  value=""
                />
              </div>
            </div>
          </div>
        </div>
      </div>
    </form>
  </div>,
  "debug": [Function],
  "findAllByAltText": [Function],
  "findAllByDisplayValue": [Function],
  "findAllByLabelText": [Function],
  "findAllByPlaceholderText": [Function],
  "findAllByRole": [Function],
  "findAllByTestId": [Function],
  "findAllByText": [Function],
  "findAllByTitle": [Function],
  "findByAltText": [Function],
  "findByDisplayValue": [Function],
  "findByLabelText": [Function],
  "findByPlaceholderText": [Function],
  "findByRole": [Function],
  "findByTestId": [Function],
  "findByText": [Function],
  "findByTitle": [Function],
  "getAllByAltText": [Function],
  "getAllByDisplayValue": [Function],
  "getAllByLabelText": [Function],
  "getAllByPlaceholderText": [Function],
  "getAllByRole": [Function],
  "getAllByTestId": [Function],
  "getAllByText": [Function],
  "getAllByTitle": [Function],
  "getByAltText": [Function],
  "getByDisplayValue": [Function],
  "getByLabelText": [Function],
  "getByPlaceholderText": [Function],
  "getByRole": [Function],
  "getByTestId": [Function],
  "getByText": [Function],
  "getByTitle": [Function],
  "queryAllByAltText": [Function],
  "queryAllByDisplayValue": [Function],
  "queryAllByLabelText": [Function],
  "queryAllByPlaceholderText": [Function],
  "queryAllByRole": [Function],
  "queryAllByTestId": [Function],
  "queryAllByText": [Function],
  "queryAllByTitle": [Function],
  "queryByAltText": [Function],
  "queryByDisplayValue": [Function],
  "queryByLabelText": [Function],
  "queryByPlaceholderText": [Function],
  "queryByRole": [Function],
  "queryByTestId": [Function],
  "queryByText": [Function],
  "queryByTitle": [Function],
  "rerender": [Function],
  "unmount": [Function],
}
`;
