// Jest Snapshot v1, https://goo.gl/fbAQLP

exports[`Filter component Filter snapshot 1`] = `
Object {
  "asFragment": [Function],
  "baseElement": <body>
    <div>
      <div
        class="ant-flex css-dev-only-do-not-override-1hpnbz2 ant-flex-justify-space-between"
        style="gap: 10px;"
      >
        <button
          class="ant-btn css-dev-only-do-not-override-1hpnbz2 ant-btn-default ant-btn-color-default ant-btn-variant-filled"
          disabled=""
          id="all"
          name="all"
          type="button"
        >
          <span>
            All
          </span>
        </button>
        <button
          class="ant-btn css-dev-only-do-not-override-1hpnbz2 ant-btn-default ant-btn-color-default ant-btn-variant-filled"
          disabled=""
          id="active"
          name="active"
          type="button"
        >
          <span>
            Active
          </span>
        </button>
        <button
          class="ant-btn css-dev-only-do-not-override-1hpnbz2 ant-btn-default ant-btn-color-default ant-btn-variant-filled"
          disabled=""
          id="completed"
          name="completed"
          type="button"
        >
          <span>
            Completed
          </span>
        </button>
      </div>
    </div>
  </body>,
  "container": <div>
    <div
      class="ant-flex css-dev-only-do-not-override-1hpnbz2 ant-flex-justify-space-between"
      style="gap: 10px;"
    >
      <button
        class="ant-btn css-dev-only-do-not-override-1hpnbz2 ant-btn-default ant-btn-color-default ant-btn-variant-filled"
        disabled=""
        id="all"
        name="all"
        type="button"
      >
        <span>
          All
        </span>
      </button>
      <button
        class="ant-btn css-dev-only-do-not-override-1hpnbz2 ant-btn-default ant-btn-color-default ant-btn-variant-filled"
        disabled=""
        id="active"
        name="active"
        type="button"
      >
        <span>
          Active
        </span>
      </button>
      <button
        class="ant-btn css-dev-only-do-not-override-1hpnbz2 ant-btn-default ant-btn-color-default ant-btn-variant-filled"
        disabled=""
        id="completed"
        name="completed"
        type="button"
      >
        <span>
          Completed
        </span>
      </button>
    </div>
  </div>,
  "debug": [Function],
  "findAllByAltText": [Function],
  "findAllByDisplayValue": [Function],
  "findAllByLabelText": [Function],
  "findAllByPlaceholderText": [Function],
  "findAllByRole": [Function],
  "findAllByTestId": [Function],
  "findAllByText": [Function],
  "findAllByTitle": [Function],
  "findByAltText": [Function],
  "findByDisplayValue": [Function],
  "findByLabelText": [Function],
  "findByPlaceholderText": [Function],
  "findByRole": [Function],
  "findByTestId": [Function],
  "findByText": [Function],
  "findByTitle": [Function],
  "getAllByAltText": [Function],
  "getAllByDisplayValue": [Function],
  "getAllByLabelText": [Function],
  "getAllByPlaceholderText": [Function],
  "getAllByRole": [Function],
  "getAllByTestId": [Function],
  "getAllByText": [Function],
  "getAllByTitle": [Function],
  "getByAltText": [Function],
  "getByDisplayValue": [Function],
  "getByLabelText": [Function],
  "getByPlaceholderText": [Function],
  "getByRole": [Function],
  "getByTestId": [Function],
  "getByText": [Function],
  "getByTitle": [Function],
  "queryAllByAltText": [Function],
  "queryAllByDisplayValue": [Function],
  "queryAllByLabelText": [Function],
  "queryAllByPlaceholderText": [Function],
  "queryAllByRole": [Function],
  "queryAllByTestId": [Function],
  "queryAllByText": [Function],
  "queryAllByTitle": [Function],
  "queryByAltText": [Function],
  "queryByDisplayValue": [Function],
  "queryByLabelText": [Function],
  "queryByPlaceholderText": [Function],
  "queryByRole": [Function],
  "queryByTestId": [Function],
  "queryByText": [Function],
  "queryByTitle": [Function],
  "rerender": [Function],
  "unmount": [Function],
}
`;
