// Jest Snapshot v1, https://goo.gl/fbAQLP

exports[`Task component Task snapshot 1`] = `
Object {
  "asFragment": [Function],
  "baseElement": <body>
    <div>
      <li
        style="background-color: rgb(255, 255, 255); padding: 10px; margin-bottom: 10px; list-style: none;"
      >
        <label
          class="ant-checkbox-wrapper css-dev-only-do-not-override-1hpnbz2"
        >
          <span
            class="ant-checkbox ant-wave-target css-dev-only-do-not-override-1hpnbz2"
          >
            <input
              class="ant-checkbox-input"
              id="ReactJS"
              name="ckeckbox"
              type="checkbox"
            />
            <span
              class="ant-checkbox-inner"
            />
          </span>
          <span>
            ReactJS
          </span>
        </label>
      </li>
    </div>
  </body>,
  "container": <div>
    <li
      style="background-color: rgb(255, 255, 255); padding: 10px; margin-bottom: 10px; list-style: none;"
    >
      <label
        class="ant-checkbox-wrapper css-dev-only-do-not-override-1hpnbz2"
      >
        <span
          class="ant-checkbox ant-wave-target css-dev-only-do-not-override-1hpnbz2"
        >
          <input
            class="ant-checkbox-input"
            id="ReactJS"
            name="ckeckbox"
            type="checkbox"
          />
          <span
            class="ant-checkbox-inner"
          />
        </span>
        <span>
          ReactJS
        </span>
      </label>
    </li>
  </div>,
  "debug": [Function],
  "findAllByAltText": [Function],
  "findAllByDisplayValue": [Function],
  "findAllByLabelText": [Function],
  "findAllByPlaceholderText": [Function],
  "findAllByRole": [Function],
  "findAllByTestId": [Function],
  "findAllByText": [Function],
  "findAllByTitle": [Function],
  "findByAltText": [Function],
  "findByDisplayValue": [Function],
  "findByLabelText": [Function],
  "findByPlaceholderText": [Function],
  "findByRole": [Function],
  "findByTestId": [Function],
  "findByText": [Function],
  "findByTitle": [Function],
  "getAllByAltText": [Function],
  "getAllByDisplayValue": [Function],
  "getAllByLabelText": [Function],
  "getAllByPlaceholderText": [Function],
  "getAllByRole": [Function],
  "getAllByTestId": [Function],
  "getAllByText": [Function],
  "getAllByTitle": [Function],
  "getByAltText": [Function],
  "getByDisplayValue": [Function],
  "getByLabelText": [Function],
  "getByPlaceholderText": [Function],
  "getByRole": [Function],
  "getByTestId": [Function],
  "getByText": [Function],
  "getByTitle": [Function],
  "queryAllByAltText": [Function],
  "queryAllByDisplayValue": [Function],
  "queryAllByLabelText": [Function],
  "queryAllByPlaceholderText": [Function],
  "queryAllByRole": [Function],
  "queryAllByTestId": [Function],
  "queryAllByText": [Function],
  "queryAllByTitle": [Function],
  "queryByAltText": [Function],
  "queryByDisplayValue": [Function],
  "queryByLabelText": [Function],
  "queryByPlaceholderText": [Function],
  "queryByRole": [Function],
  "queryByTestId": [Function],
  "queryByText": [Function],
  "queryByTitle": [Function],
  "rerender": [Function],
  "unmount": [Function],
}
`;
